2021-01-03 07:17:04  Script failed
2021-01-03 07:23:27  Script failed
2021-01-03 07:25:49  Script failed
2021-01-03 07:29:28  Script failed
2021-01-03 07:33:03  Script failed
2021-01-03 07:33:31  Script failed
2021-01-03 07:34:45  Script failed
2021-01-03 07:36:34  Script failed
2021-01-03 07:36:34  Script "test.txt" failed
2021-01-03 07:36:51  Script failed
2021-01-03 07:38:54  Script failed
2021-01-03 07:39:24  Script failed
2021-01-03 07:40:57  Script failed
2021-01-03 07:41:31  Script failed
2021-01-03 07:43:32  Script failed
2021-01-03 07:50:30  Script failed
2021-01-03 07:53:06  Script failed
